Archive member included because of file (symbol)

mbed/TARGET_LPC1768/TOOLCHAIN_GCC_ARM/libmbed.a(serial_api.o)
                              mbed/TARGET_LPC1768/TOOLCHAIN_GCC_ARM/retarget.o (serial_getc)
mbed/TARGET_LPC1768/TOOLCHAIN_GCC_ARM/libmbed.a(FilePath.o)
                              mbed/TARGET_LPC1768/TOOLCHAIN_GCC_ARM/retarget.o (mbed::FilePath::FilePath(char const*))
mbed/TARGET_LPC1768/TOOLCHAIN_GCC_ARM/libmbed.a(FileSystemLike.o)
                              mbed/TARGET_LPC1768/TOOLCHAIN_GCC_ARM/retarget.o (mbed::FileSystemLike::opendir())
mbed/TARGET_LPC1768/TOOLCHAIN_GCC_ARM/libmbed.a(assert.o)
                              mbed/TARGET_LPC1768/TOOLCHAIN_GCC_ARM/board.o (mbed_assert_internal)
mbed/TARGET_LPC1768/TOOLCHAIN_GCC_ARM/libmbed.a(error.o)
                              mbed/TARGET_LPC1768/TOOLCHAIN_GCC_ARM/retarget.o (error)
mbed/TARGET_LPC1768/TOOLCHAIN_GCC_ARM/libmbed.a(gpio.o)
                              mbed/TARGET_LPC1768/TOOLCHAIN_GCC_ARM/libmbed.a(serial_api.o) (gpio_init_in)
mbed/TARGET_LPC1768/TOOLCHAIN_GCC_ARM/libmbed.a(pinmap_common.o)
                              mbed/TARGET_LPC1768/TOOLCHAIN_GCC_ARM/libmbed.a(serial_api.o) (pinmap_pinout)
mbed/TARGET_LPC1768/TOOLCHAIN_GCC_ARM/libmbed.a(wait_api.o)
                              build/main.o (wait)
mbed/TARGET_LPC1768/TOOLCHAIN_GCC_ARM/libmbed.a(gpio_api.o)
                              mbed/TARGET_LPC1768/TOOLCHAIN_GCC_ARM/libmbed.a(gpio.o) (gpio_init)
mbed/TARGET_LPC1768/TOOLCHAIN_GCC_ARM/libmbed.a(pinmap.o)
                              mbed/TARGET_LPC1768/TOOLCHAIN_GCC_ARM/libmbed.a(pinmap_common.o) (pin_function)
mbed/TARGET_LPC1768/TOOLCHAIN_GCC_ARM/libmbed.a(us_ticker.o)
                              mbed/TARGET_LPC1768/TOOLCHAIN_GCC_ARM/libmbed.a(wait_api.o) (us_ticker_read)
mbed/TARGET_LPC1768/TOOLCHAIN_GCC_ARM/libmbed.a(FileBase.o)
                              mbed/TARGET_LPC1768/TOOLCHAIN_GCC_ARM/libmbed.a(FileSystemLike.o) (mbed::FileBase::~FileBase())
mbed/TARGET_LPC1768/TOOLCHAIN_GCC_ARM/libmbed.a(us_ticker_api.o)
                              mbed/TARGET_LPC1768/TOOLCHAIN_GCC_ARM/libmbed.a(us_ticker.o) (us_ticker_irq_handler)
/usr/local/Cellar/gcc-arm-none-eabi-49/20141203/bin/../lib/gcc/arm-none-eabi/4.9.3/../../../../arm-none-eabi/lib/armv7-m/libstdc++_nano.a(del_op.o)
                              mbed/TARGET_LPC1768/TOOLCHAIN_GCC_ARM/retarget.o (operator delete(void*))
/usr/local/Cellar/gcc-arm-none-eabi-49/20141203/bin/../lib/gcc/arm-none-eabi/4.9.3/../../../../arm-none-eabi/lib/armv7-m/libstdc++_nano.a(new_op.o)
                              mbed/TARGET_LPC1768/TOOLCHAIN_GCC_ARM/libmbed.a(FileSystemLike.o) (operator new(unsigned int))
/usr/local/Cellar/gcc-arm-none-eabi-49/20141203/bin/../lib/gcc/arm-none-eabi/4.9.3/../../../../arm-none-eabi/lib/armv7-m/libstdc++_nano.a(new_handler.o)
                              /usr/local/Cellar/gcc-arm-none-eabi-49/20141203/bin/../lib/gcc/arm-none-eabi/4.9.3/../../../../arm-none-eabi/lib/armv7-m/libstdc++_nano.a(new_op.o) (std::get_new_handler())
/usr/local/Cellar/gcc-arm-none-eabi-49/20141203/bin/../lib/gcc/arm-none-eabi/4.9.3/armv7-m/libgcc.a(_arm_muldivsf3.o)
                              mbed/TARGET_LPC1768/TOOLCHAIN_GCC_ARM/libmbed.a(wait_api.o) (__aeabi_fmul)
/usr/local/Cellar/gcc-arm-none-eabi-49/20141203/bin/../lib/gcc/arm-none-eabi/4.9.3/armv7-m/libgcc.a(_arm_fixsfsi.o)
                              mbed/TARGET_LPC1768/TOOLCHAIN_GCC_ARM/libmbed.a(wait_api.o) (__aeabi_f2iz)
/usr/local/Cellar/gcc-arm-none-eabi-49/20141203/bin/../lib/gcc/arm-none-eabi/4.9.3/armv7-m/libgcc.a(_aeabi_uldivmod.o)
                              mbed/TARGET_LPC1768/TOOLCHAIN_GCC_ARM/system_LPC17xx.o (__aeabi_uldivmod)
/usr/local/Cellar/gcc-arm-none-eabi-49/20141203/bin/../lib/gcc/arm-none-eabi/4.9.3/armv7-m/libgcc.a(bpabi.o)
                              /usr/local/Cellar/gcc-arm-none-eabi-49/20141203/bin/../lib/gcc/arm-none-eabi/4.9.3/armv7-m/libgcc.a(_aeabi_uldivmod.o) (__gnu_uldivmod_helper)
/usr/local/Cellar/gcc-arm-none-eabi-49/20141203/bin/../lib/gcc/arm-none-eabi/4.9.3/armv7-m/libgcc.a(_dvmd_tls.o)
                              /usr/local/Cellar/gcc-arm-none-eabi-49/20141203/bin/../lib/gcc/arm-none-eabi/4.9.3/armv7-m/libgcc.a(_aeabi_uldivmod.o) (__aeabi_ldiv0)
/usr/local/Cellar/gcc-arm-none-eabi-49/20141203/bin/../lib/gcc/arm-none-eabi/4.9.3/armv7-m/libgcc.a(_divdi3.o)
                              /usr/local/Cellar/gcc-arm-none-eabi-49/20141203/bin/../lib/gcc/arm-none-eabi/4.9.3/armv7-m/libgcc.a(bpabi.o) (__divdi3)
/usr/local/Cellar/gcc-arm-none-eabi-49/20141203/bin/../lib/gcc/arm-none-eabi/4.9.3/armv7-m/libgcc.a(_udivdi3.o)
                              /usr/local/Cellar/gcc-arm-none-eabi-49/20141203/bin/../lib/gcc/arm-none-eabi/4.9.3/armv7-m/libgcc.a(bpabi.o) (__udivdi3)
/usr/local/Cellar/gcc-arm-none-eabi-49/20141203/bin/../lib/gcc/arm-none-eabi/4.9.3/../../../../arm-none-eabi/lib/armv7-m/libc_nano.a(lib_a-abort.o)
[...]
Memory Configuration

Name             Origin             Length             Attributes
FLASH            0x0000000000000000 0x0000000000080000 xr
RAM              0x00000000100000c8 0x0000000000007f38 xrw
USB_RAM          0x000000002007c000 0x0000000000004000 xrw
ETH_RAM          0x0000000020080000 0x0000000000004000 xrw
*default*        0x0000000000000000 0xffffffffffffffff

Linker script and memory map

LOAD /usr/local/Cellar/gcc-arm-none-eabi-49/20141203/bin/../lib/gcc/arm-none-eabi/4.9.3/armv7-m/crti.o
LOAD /usr/local/Cellar/gcc-arm-none-eabi-49/20141203/bin/../lib/gcc/arm-none-eabi/4.9.3/armv7-m/crtbegin.o
LOAD /usr/local/Cellar/gcc-arm-none-eabi-49/20141203/bin/../lib/gcc/arm-none-eabi/4.9.3/../../../../arm-none-eabi/lib/armv7-m/crt0.o
LOAD build/main.o
LOAD mbed/TARGET_LPC1768/TOOLCHAIN_GCC_ARM/cmsis_nvic.o
LOAD mbed/TARGET_LPC1768/TOOLCHAIN_GCC_ARM/startup_LPC17xx.o
LOAD mbed/TARGET_LPC1768/TOOLCHAIN_GCC_ARM/retarget.o
LOAD mbed/TARGET_LPC1768/TOOLCHAIN_GCC_ARM/system_LPC17xx.o
LOAD mbed/TARGET_LPC1768/TOOLCHAIN_GCC_ARM/board.o
LOAD mbed/TARGET_LPC1768/TOOLCHAIN_GCC_ARM/libmbed.a
LOAD /usr/local/Cellar/gcc-arm-none-eabi-49/20141203/bin/../lib/gcc/arm-none-eabi/4.9.3/../../../../arm-none-eabi/lib/armv7-m/libstdc++_nano.a
LOAD /usr/local/Cellar/gcc-arm-none-eabi-49/20141203/bin/../lib/gcc/arm-none-eabi/4.9.3/../../../../arm-none-eabi/lib/armv7-m/libsupc++_nano.a
LOAD /usr/local/Cellar/gcc-arm-none-eabi-49/20141203/bin/../lib/gcc/arm-none-eabi/4.9.3/../../../../arm-none-eabi/lib/armv7-m/libm.a
LOAD /usr/local/Cellar/gcc-arm-none-eabi-49/20141203/bin/../lib/gcc/arm-none-eabi/4.9.3/armv7-m/libgcc.a
LOAD /usr/local/Cellar/gcc-arm-none-eabi-49/20141203/bin/../lib/gcc/arm-none-eabi/4.9.3/../../../../arm-none-eabi/lib/armv7-m/libc_nano.a
LOAD /usr/local/Cellar/gcc-arm-none-eabi-49/20141203/bin/../lib/gcc/arm-none-eabi/4.9.3/../../../../arm-none-eabi/lib/armv7-m/libnosys.a
START GROUP
LOAD /usr/local/Cellar/gcc-arm-none-eabi-49/20141203/bin/../lib/gcc/arm-none-eabi/4.9.3/armv7-m/libgcc.a
LOAD /usr/local/Cellar/gcc-arm-none-eabi-49/20141203/bin/../lib/gcc/arm-none-eabi/4.9.3/../../../../arm-none-eabi/lib/armv7-m/libc_nano.a
END GROUP
START GROUP
LOAD /usr/local/Cellar/gcc-arm-none-eabi-49/20141203/bin/../lib/gcc/arm-none-eabi/4.9.3/armv7-m/libgcc.a
LOAD /usr/local/Cellar/gcc-arm-none-eabi-49/20141203/bin/../lib/gcc/arm-none-eabi/4.9.3/../../../../arm-none-eabi/lib/armv7-m/libc_nano.a
END GROUP
LOAD /usr/local/Cellar/gcc-arm-none-eabi-49/20141203/bin/../lib/gcc/arm-none-eabi/4.9.3/armv7-m/crtend.o
LOAD /usr/local/Cellar/gcc-arm-none-eabi-49/20141203/bin/../lib/gcc/arm-none-eabi/4.9.3/armv7-m/crtn.o

.text           0x0000000000000000     0x29b8
 *(.isr_vector)
 .isr_vector    0x0000000000000000       0xcc mbed/TARGET_LPC1768/TOOLCHAIN_GCC_ARM/startup_LPC17xx.o
                0x0000000000000000                __isr_vector
 *(.text*)
 .text          0x00000000000000cc       0x5c /usr/local/Cellar/gcc-arm-none-eabi-49/20141203/bin/../lib/gcc/arm-none-eabi/4.9.3/armv7-m/crtbegin.o
 .text          0x0000000000000128       0x74 /usr/local/Cellar/gcc-arm-none-eabi-49/20141203/bin/../lib/gcc/arm-none-eabi/4.9.3/../../../../arm-none-eabi/lib/armv7-m/crt0.o
                0x0000000000000128                _mainCRTStartup
                0x0000000000000128                _start
 .text.startup.main
                0x000000000000019c       0x28 build/main.o
                0x000000000000019c                main
 .text.startup._GLOBAL__sub_I_myled
                0x00000000000001c4       0x24 build/main.o
 .text.NVIC_SetVector
                0x00000000000001e8       0x3c mbed/TARGET_LPC1768/TOOLCHAIN_GCC_ARM/cmsis_nvic.o
                0x00000000000001e8                NVIC_SetVector
 .text          0x0000000000000224       0x44 mbed/TARGET_LPC1768/TOOLCHAIN_GCC_ARM/startup_LPC17xx.o
                0x0000000000000224                Reset_Handler
                0x0000000000000254                NMI_Handler
                0x0000000000000256                HardFault_Handler
                0x0000000000000258                MemManage_Handler
                0x000000000000025a                BusFault_Handler
                0x000000000000025c                UsageFault_Handler
                0x000000000000025e                SVC_Handler
                0x0000000000000260                DebugMon_Handler
                0x0000000000000262                PendSV_Handler
                0x0000000000000264                SysTick_Handler
                0x0000000000000266                TIMER3_IRQHandler
                0x0000000000000266                UART0_IRQHandler
                0x0000000000000266                PLL0_IRQHandler
                0x0000000000000266                CAN_IRQHandler
                0x0000000000000266                PLL1_IRQHandler
                0x0000000000000266                SSP0_IRQHandler
                0x0000000000000266                I2S_IRQHandler
                0x0000000000000266                I2C2_IRQHandler
                0x0000000000000266                RTC_IRQHandler
                0x0000000000000266                TIMER0_IRQHandler
                0x0000000000000266                SPI_IRQHandler
                0x0000000000000266                EINT1_IRQHandler
                0x0000000000000266                TIMER1_IRQHandler
                0x0000000000000266                UART2_IRQHandler
                0x0000000000000266                Default_Handler
                0x0000000000000266                ADC_IRQHandler
                0x0000000000000266                SSP1_IRQHandler
                0x0000000000000266                USB_IRQHandler
                0x0000000000000266                BOD_IRQHandler
                0x0000000000000266                WDT_IRQHandler
                0x0000000000000266                QEI_IRQHandler
                0x0000000000000266                EINT0_IRQHandler
                0x0000000000000266                DEF_IRQHandler
                0x0000000000000266                DMA_IRQHandler
                0x0000000000000266                UART3_IRQHandler
                0x0000000000000266                MCPWM_IRQHandler
                0x0000000000000266                TIMER2_IRQHandler
                0x0000000000000266                ENET_IRQHandler
                0x0000000000000266                RIT_IRQHandler
                0x0000000000000266                I2C0_IRQHandler
                0x0000000000000266                USBActivity_IRQHandler
                0x0000000000000266                PWM1_IRQHandler
                0x0000000000000266                I2C1_IRQHandler
                0x0000000000000266                EINT2_IRQHandler
                0x0000000000000266                UART1_IRQHandler
                0x0000000000000266                EINT3_IRQHandler
                0x0000000000000266                CANActivity_IRQHandler
 .text._ZL11init_serialv.part.0
                0x0000000000000268       0x18 mbed/TARGET_LPC1768/TOOLCHAIN_GCC_ARM/retarget.o
 .text._close   0x0000000000000280       0x2c mbed/TARGET_LPC1768/TOOLCHAIN_GCC_ARM/retarget.o
                0x0000000000000280                _close
 .text._write   0x00000000000002ac       0x50 mbed/TARGET_LPC1768/TOOLCHAIN_GCC_ARM/retarget.o
                0x00000000000002ac                _write
 .text._read    0x00000000000002fc       0x4c mbed/TARGET_LPC1768/TOOLCHAIN_GCC_ARM/retarget.o
                0x00000000000002fc                _read
 .text._isatty  0x0000000000000348       0x28 mbed/TARGET_LPC1768/TOOLCHAIN_GCC_ARM/retarget.o
                0x0000000000000348                _isatty
 .text._lseek   0x0000000000000370       0x28 mbed/TARGET_LPC1768/TOOLCHAIN_GCC_ARM/retarget.o
                0x0000000000000370                _lseek
 .text._fstat   0x0000000000000398       0x20 mbed/TARGET_LPC1768/TOOLCHAIN_GCC_ARM/retarget.o
                0x0000000000000398                _fstat
 .text._sbrk    0x00000000000003b8       0x28 mbed/TARGET_LPC1768/TOOLCHAIN_GCC_ARM/retarget.o
                0x00000000000003b8                _sbrk
 .text.SystemInit
                0x00000000000003e0       0xb8 mbed/TARGET_LPC1768/TOOLCHAIN_GCC_ARM/system_LPC17xx.o
                0x00000000000003e0                SystemInit
 .text.mbed_die
                0x0000000000000498      0x10c mbed/TARGET_LPC1768/TOOLCHAIN_GCC_ARM/board.o
                0x0000000000000498                mbed_die
 .text.uart2_irq
                0x00000000000005a4       0x64 mbed/TARGET_LPC1768/TOOLCHAIN_GCC_ARM/libmbed.a(serial_api.o)
                0x00000000000005a4                uart2_irq
 .text.serial_irq_set_internal
                0x0000000000000608       0xcc mbed/TARGET_LPC1768/TOOLCHAIN_GCC_ARM/libmbed.a(serial_api.o)
 .text.uart0_irq
                0x00000000000006d4       0x64 mbed/TARGET_LPC1768/TOOLCHAIN_GCC_ARM/libmbed.a(serial_api.o)
                0x00000000000006d4                uart0_irq
 .text.uart3_irq
                0x0000000000000738       0x6c mbed/TARGET_LPC1768/TOOLCHAIN_GCC_ARM/libmbed.a(serial_api.o)
                0x0000000000000738                uart3_irq
 .text.uart1_irq
                0x00000000000007a4       0x64 mbed/TARGET_LPC1768/TOOLCHAIN_GCC_ARM/libmbed.a(serial_api.o)
                0x00000000000007a4                uart1_irq
 .text.serial_baud
                0x0000000000000808      0x244 mbed/TARGET_LPC1768/TOOLCHAIN_GCC_ARM/libmbed.a(serial_api.o)
                0x0000000000000808                serial_baud
 .text.serial_format
                0x0000000000000a4c       0x78 mbed/TARGET_LPC1768/TOOLCHAIN_GCC_ARM/libmbed.a(serial_api.o)
                0x0000000000000a4c                serial_format
 .text.serial_getc
                0x0000000000000ac4       0x38 mbed/TARGET_LPC1768/TOOLCHAIN_GCC_ARM/libmbed.a(serial_api.o)
                0x0000000000000ac4                serial_getc
 .text.serial_writable
                0x0000000000000afc       0x74 mbed/TARGET_LPC1768/TOOLCHAIN_GCC_ARM/libmbed.a(serial_api.o)
                0x0000000000000afc                serial_writable
 .text.serial_putc
                0x0000000000000b70       0x34 mbed/TARGET_LPC1768/TOOLCHAIN_GCC_ARM/libmbed.a(serial_api.o)
                0x0000000000000b70                serial_putc
 .text.serial_set_flow_control
                0x0000000000000ba4      0x12c mbed/TARGET_LPC1768/TOOLCHAIN_GCC_ARM/libmbed.a(serial_api.o)
                0x0000000000000ba4                serial_set_flow_control
 .text.serial_init
                0x0000000000000cd0      0x1bc mbed/TARGET_LPC1768/TOOLCHAIN_GCC_ARM/libmbed.a(serial_api.o)
                0x0000000000000cd0                serial_init
 .text.mbed_assert_internal
                0x0000000000000e8c       0x2c mbed/TARGET_LPC1768/TOOLCHAIN_GCC_ARM/libmbed.a(assert.o)
                0x0000000000000e8c                mbed_assert_internal
 .text.error    0x0000000000000eb8       0x24 mbed/TARGET_LPC1768/TOOLCHAIN_GCC_ARM/libmbed.a(error.o)
                0x0000000000000eb8                error
 .text.gpio_init_in
                0x0000000000000edc       0x24 mbed/TARGET_LPC1768/TOOLCHAIN_GCC_ARM/libmbed.a(gpio.o)
                0x0000000000000edc                gpio_init_in
 .text.gpio_init_out
                0x0000000000000f00       0x44 mbed/TARGET_LPC1768/TOOLCHAIN_GCC_ARM/libmbed.a(gpio.o)
                0x0000000000000f00                gpio_init_out
 .text.gpio_init_out_ex
                0x0000000000000f44       0x54 mbed/TARGET_LPC1768/TOOLCHAIN_GCC_ARM/libmbed.a(gpio.o)
                0x0000000000000f44                gpio_init_out_ex
 .text.pinmap_pinout
                0x0000000000000f98       0x40 mbed/TARGET_LPC1768/TOOLCHAIN_GCC_ARM/libmbed.a(pinmap_common.o)
                0x0000000000000f98                pinmap_pinout
 .text.pinmap_merge
                0x0000000000000fd8       0x24 mbed/TARGET_LPC1768/TOOLCHAIN_GCC_ARM/libmbed.a(pinmap_common.o)
                0x0000000000000fd8                pinmap_merge
 .text.pinmap_find_peripheral
                0x0000000000000ffc       0x1c mbed/TARGET_LPC1768/TOOLCHAIN_GCC_ARM/libmbed.a(pinmap_common.o)
                0x0000000000000ffc                pinmap_find_peripheral
 .text.pinmap_peripheral
                0x0000000000001018       0x34 mbed/TARGET_LPC1768/TOOLCHAIN_GCC_ARM/libmbed.a(pinmap_common.o)
                0x0000000000001018                pinmap_peripheral
 .text.wait_us  0x000000000000104c       0x18 mbed/TARGET_LPC1768/TOOLCHAIN_GCC_ARM/libmbed.a(wait_api.o)
                0x000000000000104c                wait_us
 .text.wait     0x0000000000001064       0x18 mbed/TARGET_LPC1768/TOOLCHAIN_GCC_ARM/libmbed.a(wait_api.o)
                0x0000000000001064                wait
 .text.wait_ms  0x000000000000107c        0xc mbed/TARGET_LPC1768/TOOLCHAIN_GCC_ARM/libmbed.a(wait_api.o)
                0x000000000000107c                wait_ms
 .text.gpio_set
                0x0000000000001088       0x30 mbed/TARGET_LPC1768/TOOLCHAIN_GCC_ARM/libmbed.a(gpio_api.o)
                0x0000000000001088                gpio_set
 .text.gpio_init
                0x00000000000010b8       0x30 mbed/TARGET_LPC1768/TOOLCHAIN_GCC_ARM/libmbed.a(gpio_api.o)
                0x00000000000010b8                gpio_init
 .text.gpio_mode
                0x00000000000010e8        0x8 mbed/TARGET_LPC1768/TOOLCHAIN_GCC_ARM/libmbed.a(gpio_api.o)
                0x00000000000010e8                gpio_mode
 .text.gpio_dir
                0x00000000000010f0       0x44 mbed/TARGET_LPC1768/TOOLCHAIN_GCC_ARM/libmbed.a(gpio_api.o)
                0x00000000000010f0                gpio_dir
 .text.pin_function
                0x0000000000001134       0x50 mbed/TARGET_LPC1768/TOOLCHAIN_GCC_ARM/libmbed.a(pinmap.o)
                0x0000000000001134                pin_function
 .text.pin_mode
                0x0000000000001184       0x78 mbed/TARGET_LPC1768/TOOLCHAIN_GCC_ARM/libmbed.a(pinmap.o)
                0x0000000000001184                pin_mode
 .text.us_ticker_init
                0x00000000000011fc       0x68 mbed/TARGET_LPC1768/TOOLCHAIN_GCC_ARM/libmbed.a(us_ticker.o)
                0x00000000000011fc                us_ticker_init
 .text.us_ticker_read
                0x0000000000001264       0x1c mbed/TARGET_LPC1768/TOOLCHAIN_GCC_ARM/libmbed.a(us_ticker.o)
                0x0000000000001264                us_ticker_read
 .text.us_ticker_set_interrupt
                0x0000000000001280       0x14 mbed/TARGET_LPC1768/TOOLCHAIN_GCC_ARM/libmbed.a(us_ticker.o)
                0x0000000000001280                us_ticker_set_interrupt
 .text.us_ticker_disable_interrupt
                0x0000000000001294       0x10 mbed/TARGET_LPC1768/TOOLCHAIN_GCC_ARM/libmbed.a(us_ticker.o)
                0x0000000000001294                us_ticker_disable_interrupt
 .text.us_ticker_clear_interrupt
                0x00000000000012a4        0xc mbed/TARGET_LPC1768/TOOLCHAIN_GCC_ARM/libmbed.a(us_ticker.o)
                0x00000000000012a4                us_ticker_clear_interrupt
 .text.us_ticker_irq_handler
                0x00000000000012b0       0x48 mbed/TARGET_LPC1768/TOOLCHAIN_GCC_ARM/libmbed.a(us_ticker_api.o)
                0x00000000000012b0                us_ticker_irq_handler
 .text          0x00000000000012f8      0x2a0 /usr/local/Cellar/gcc-arm-none-eabi-49/20141203/bin/../lib/gcc/arm-none-eabi/4.9.3/armv7-m/libgcc.a(_arm_muldivsf3.o)
                0x00000000000012f8                __mulsf3
                0x00000000000012f8                __aeabi_fmul
                0x0000000000001460                __divsf3
                0x0000000000001460                __aeabi_fdiv
 .text          0x0000000000001598       0x4c /usr/local/Cellar/gcc-arm-none-eabi-49/20141203/bin/../lib/gcc/arm-none-eabi/4.9.3/armv7-m/libgcc.a(_arm_fixsfsi.o)
                0x0000000000001598                __fixsfsi
                0x0000000000001598                __aeabi_f2iz
 .text.abs      0x00000000000015e4        0x8 /usr/local/Cellar/gcc-arm-none-eabi-49/20141203/bin/../lib/gcc/arm-none-eabi/4.9.3/../../../../arm-none-eabi/lib/armv7-m/libc_nano.a(lib_a-abs.o)
                0x00000000000015e4                abs
 .text.__errno  0x00000000000015ec        0xc /usr/local/Cellar/gcc-arm-none-eabi-49/20141203/bin/../lib/gcc/arm-none-eabi/4.9.3/../../../../arm-none-eabi/lib/armv7-m/libc_nano.a(lib_a-errno.o)
                0x00000000000015ec                __errno
 .text.exit     0x00000000000015f8       0x28 /usr/local/Cellar/gcc-arm-none-eabi-49/20141203/bin/../lib/gcc/arm-none-eabi/4.9.3/../../../../arm-none-eabi/lib/armv7-m/libc_nano.a(lib_a-exit.o)
                0x00000000000015f8                exit
 .text._cleanup_r
                0x0000000000001620        0xc /usr/local/Cellar/gcc-arm-none-eabi-49/20141203/bin/../lib/gcc/arm-none-eabi/4.9.3/../../../../arm-none-eabi/lib/armv7-m/libc_nano.a(lib_a-findfp.o)
                0x0000000000001620                _cleanup_r
 .text.std.isra.0
                0x000000000000162c       0x48 /usr/local/Cellar/gcc-arm-none-eabi-49/20141203/bin/../lib/gcc/arm-none-eabi/4.9.3/../../../../arm-none-eabi/lib/armv7-m/libc_nano.a(lib_a-findfp.o)
 .text.__sfmoreglue
                0x0000000000001674       0x2c /usr/local/Cellar/gcc-arm-none-eabi-49/20141203/bin/../lib/gcc/arm-none-eabi/4.9.3/../../../../arm-none-eabi/lib/armv7-m/libc_nano.a(lib_a-findfp.o)
                0x0000000000001674                __sfmoreglue
 .text.__sinit  0x00000000000016a0       0x60 /usr/local/Cellar/gcc-arm-none-eabi-49/20141203/bin/../lib/gcc/arm-none-eabi/4.9.3/../../../../arm-none-eabi/lib/armv7-m/libc_nano.a(lib_a-findfp.o)
                0x00000000000016a0                __sinit
 .text.__sfp    0x0000000000001700       0x74 /usr/local/Cellar/gcc-arm-none-eabi-49/20141203/bin/../lib/gcc/arm-none-eabi/4.9.3/../../../../arm-none-eabi/lib/armv7-m/libc_nano.a(lib_a-findfp.o)
                0x0000000000001700                __sfp
 .text.fprintf  0x0000000000001774       0x24 /usr/local/Cellar/gcc-arm-none-eabi-49/20141203/bin/../lib/gcc/arm-none-eabi/4.9.3/../../../../arm-none-eabi/lib/armv7-m/libc_nano.a(lib_a-fprintf.o)
                0x0000000000001774                fprintf
                0x0000000000001774                fiprintf
 .text._fwalk_reent
                0x0000000000001798       0x3c /usr/local/Cellar/gcc-arm-none-eabi-49/20141203/bin/../lib/gcc/arm-none-eabi/4.9.3/../../../../arm-none-eabi/lib/armv7-m/libc_nano.a(lib_a-fwalk.o)
                0x0000000000001798                _fwalk_reent
 .text.__libc_init_array
                0x00000000000017d4       0x4c /usr/local/Cellar/gcc-arm-none-eabi-49/20141203/bin/../lib/gcc/arm-none-eabi/4.9.3/../../../../arm-none-eabi/lib/armv7-m/libc_nano.a(lib_a-init.o)
                0x00000000000017d4                __libc_init_array
 .text.memchr   0x0000000000001820       0x1c /usr/local/Cellar/gcc-arm-none-eabi-49/20141203/bin/../lib/gcc/arm-none-eabi/4.9.3/../../../../arm-none-eabi/lib/armv7-m/libc_nano.a(lib_a-memchr.o)
                0x0000000000001820                memchr
 .text.memcpy   0x000000000000183c       0x16 /usr/local/Cellar/gcc-arm-none-eabi-49/20141203/bin/../lib/gcc/arm-none-eabi/4.9.3/../../../../arm-none-eabi/lib/armv7-m/libc_nano.a(lib_a-memcpy.o)
                0x000000000000183c                memcpy
 .text.memset   0x0000000000001852       0x10 /usr/local/Cellar/gcc-arm-none-eabi-49/20141203/bin/../lib/gcc/arm-none-eabi/4.9.3/../../../../arm-none-eabi/lib/armv7-m/libc_nano.a(lib_a-memset.o)
                0x0000000000001852                memset
 *fill*         0x0000000000001862        0x2 
 .text._free_r  0x0000000000001864       0x88 /usr/local/Cellar/gcc-arm-none-eabi-49/20141203/bin/../lib/gcc/arm-none-eabi/4.9.3/../../../../arm-none-eabi/lib/armv7-m/libc_nano.a(lib_a-nano-freer.o)
                0x0000000000001864                _free_r
 .text._malloc_r
                0x00000000000018ec       0xac /usr/local/Cellar/gcc-arm-none-eabi-49/20141203/bin/../lib/gcc/arm-none-eabi/4.9.3/../../../../arm-none-eabi/lib/armv7-m/libc_nano.a(lib_a-nano-mallocr.o)
                0x00000000000018ec                _malloc_r
 .text.__sfputc_r
                0x0000000000001998       0x2c /usr/local/Cellar/gcc-arm-none-eabi-49/20141203/bin/../lib/gcc/arm-none-eabi/4.9.3/../../../../arm-none-eabi/lib/armv7-m/libc_nano.a(lib_a-nano-vfprintf.o)
 .text.__sfputs_r
                0x00000000000019c4       0x24 /usr/local/Cellar/gcc-arm-none-eabi-49/20141203/bin/../lib/gcc/arm-none-eabi/4.9.3/../../../../arm-none-eabi/lib/armv7-m/libc_nano.a(lib_a-nano-vfprintf.o)
                0x00000000000019c4                __sfputs_r
 .text._vfprintf_r
                0x00000000000019e8      0x210 /usr/local/Cellar/gcc-arm-none-eabi-49/20141203/bin/../lib/gcc/arm-none-eabi/4.9.3/../../../../arm-none-eabi/lib/armv7-m/libc_nano.a(lib_a-nano-vfprintf.o)
                0x00000000000019e8                _vfiprintf_r
                0x00000000000019e8                _vfprintf_r
 .text.vfprintf
                0x0000000000001bf8       0x1c /usr/local/Cellar/gcc-arm-none-eabi-49/20141203/bin/../lib/gcc/arm-none-eabi/4.9.3/../../../../arm-none-eabi/lib/armv7-m/libc_nano.a(lib_a-nano-vfprintf.o)
                0x0000000000001bf8                vfiprintf
                0x0000000000001bf8                vfprintf
 .text._printf_common
                0x0000000000001c14       0xea /usr/local/Cellar/gcc-arm-none-eabi-49/20141203/bin/../lib/gcc/arm-none-eabi/4.9.3/../../../../arm-none-eabi/lib/armv7-m/libc_nano.a(lib_a-nano-vfprintf_i.o)
                0x0000000000001c14                _printf_common
 *fill*         0x0000000000001cfe        0x2 
 .text._printf_i
                0x0000000000001d00      0x234 /usr/local/Cellar/gcc-arm-none-eabi-49/20141203/bin/../lib/gcc/arm-none-eabi/4.9.3/../../../../arm-none-eabi/lib/armv7-m/libc_nano.a(lib_a-nano-vfprintf_i.o)
                0x0000000000001d00                _printf_i
 .text._sbrk_r  0x0000000000001f34       0x20 /usr/local/Cellar/gcc-arm-none-eabi-49/20141203/bin/../lib/gcc/arm-none-eabi/4.9.3/../../../../arm-none-eabi/lib/armv7-m/libc_nano.a(lib_a-sbrkr.o)
                0x0000000000001f34                _sbrk_r
 .text.__sread  0x0000000000001f54       0x22 /usr/local/Cellar/gcc-arm-none-eabi-49/20141203/bin/../lib/gcc/arm-none-eabi/4.9.3/../../../../arm-none-eabi/lib/armv7-m/libc_nano.a(lib_a-stdio.o)
                0x0000000000001f54                __sread
 .text.__swrite
                0x0000000000001f76       0x38 /usr/local/Cellar/gcc-arm-none-eabi-49/20141203/bin/../lib/gcc/arm-none-eabi/4.9.3/../../../../arm-none-eabi/lib/armv7-m/libc_nano.a(lib_a-stdio.o)
                0x0000000000001f76                __swrite
 .text.__sseek  0x0000000000001fae       0x24 /usr/local/Cellar/gcc-arm-none-eabi-49/20141203/bin/../lib/gcc/arm-none-eabi/4.9.3/../../../../arm-none-eabi/lib/armv7-m/libc_nano.a(lib_a-stdio.o)
                0x0000000000001fae                __sseek
 .text.__sclose
                0x0000000000001fd2        0x8 /usr/local/Cellar/gcc-arm-none-eabi-49/20141203/bin/../lib/gcc/arm-none-eabi/4.9.3/../../../../arm-none-eabi/lib/armv7-m/libc_nano.a(lib_a-stdio.o)
                0x0000000000001fd2                __sclose
 *fill*         0x0000000000001fda        0x2 
 .text.__swbuf_r
                0x0000000000001fdc       0xa8 /usr/local/Cellar/gcc-arm-none-eabi-49/20141203/bin/../lib/gcc/arm-none-eabi/4.9.3/../../../../arm-none-eabi/lib/armv7-m/libc_nano.a(lib_a-wbuf.o)
                0x0000000000001fdc                __swbuf_r
 .text._write_r
                0x0000000000002084       0x24 /usr/local/Cellar/gcc-arm-none-eabi-49/20141203/bin/../lib/gcc/arm-none-eabi/4.9.3/../../../../arm-none-eabi/lib/armv7-m/libc_nano.a(lib_a-writer.o)
                0x0000000000002084                _write_r
 .text.__swsetup_r
                0x00000000000020a8       0xd8 /usr/local/Cellar/gcc-arm-none-eabi-49/20141203/bin/../lib/gcc/arm-none-eabi/4.9.3/../../../../arm-none-eabi/lib/armv7-m/libc_nano.a(lib_a-wsetup.o)
                0x00000000000020a8                __swsetup_r
 .text._close_r
                0x0000000000002180       0x20 /usr/local/Cellar/gcc-arm-none-eabi-49/20141203/bin/../lib/gcc/arm-none-eabi/4.9.3/../../../../arm-none-eabi/lib/armv7-m/libc_nano.a(lib_a-closer.o)
                0x0000000000002180                _close_r
 .text.__sflush_r
                0x00000000000021a0      0x106 /usr/local/Cellar/gcc-arm-none-eabi-49/20141203/bin/../lib/gcc/arm-none-eabi/4.9.3/../../../../arm-none-eabi/lib/armv7-m/libc_nano.a(lib_a-fflush.o)
                0x00000000000021a0                __sflush_r
 *fill*         0x00000000000022a6        0x2 
 .text._fflush_r
                0x00000000000022a8       0x54 /usr/local/Cellar/gcc-arm-none-eabi-49/20141203/bin/../lib/gcc/arm-none-eabi/4.9.3/../../../../arm-none-eabi/lib/armv7-m/libc_nano.a(lib_a-fflush.o)
                0x00000000000022a8                _fflush_r
 .text._lseek_r
                0x00000000000022fc       0x24 /usr/local/Cellar/gcc-arm-none-eabi-49/20141203/bin/../lib/gcc/arm-none-eabi/4.9.3/../../../../arm-none-eabi/lib/armv7-m/libc_nano.a(lib_a-lseekr.o)
                0x00000000000022fc                _lseek_r
 .text.__smakebuf_r
                0x0000000000002320       0x98 /usr/local/Cellar/gcc-arm-none-eabi-49/20141203/bin/../lib/gcc/arm-none-eabi/4.9.3/../../../../arm-none-eabi/lib/armv7-m/libc_nano.a(lib_a-makebuf.o)
                0x0000000000002320                __smakebuf_r
 .text._read_r  0x00000000000023b8       0x24 /usr/local/Cellar/gcc-arm-none-eabi-49/20141203/bin/../lib/gcc/arm-none-eabi/4.9.3/../../../../arm-none-eabi/lib/armv7-m/libc_nano.a(lib_a-readr.o)
                0x00000000000023b8                _read_r
 .text._fstat_r
                0x00000000000023dc       0x24 /usr/local/Cellar/gcc-arm-none-eabi-49/20141203/bin/../lib/gcc/arm-none-eabi/4.9.3/../../../../arm-none-eabi/lib/armv7-m/libc_nano.a(lib_a-fstatr.o)
                0x00000000000023dc                _fstat_r
 .text._isatty_r
                0x0000000000002400       0x20 /usr/local/Cellar/gcc-arm-none-eabi-49/20141203/bin/../lib/gcc/arm-none-eabi/4.9.3/../../../../arm-none-eabi/lib/armv7-m/libc_nano.a(lib_a-isattyr.o)
                0x0000000000002400                _isatty_r
 .text._exit    0x0000000000002420        0x4 /usr/local/Cellar/gcc-arm-none-eabi-49/20141203/bin/../lib/gcc/arm-none-eabi/4.9.3/../../../../arm-none-eabi/lib/armv7-m/libnosys.a(_exit.o)
                0x0000000000002420                _exit
 *(.init)
 .init          0x0000000000002424        0x4 /usr/local/Cellar/gcc-arm-none-eabi-49/20141203/bin/../lib/gcc/arm-none-eabi/4.9.3/armv7-m/crti.o
                0x0000000000002424                _init
 .init          0x0000000000002428        0x8 /usr/local/Cellar/gcc-arm-none-eabi-49/20141203/bin/../lib/gcc/arm-none-eabi/4.9.3/armv7-m/crtn.o
 *(.fini)
 .fini          0x0000000000002430        0x4 /usr/local/Cellar/gcc-arm-none-eabi-49/20141203/bin/../lib/gcc/arm-none-eabi/4.9.3/armv7-m/crti.o
                0x0000000000002430                _fini
 .fini          0x0000000000002434        0x8 /usr/local/Cellar/gcc-arm-none-eabi-49/20141203/bin/../lib/gcc/arm-none-eabi/4.9.3/armv7-m/crtn.o
 *crtbegin.o(.ctors)
 *crtbegin?.o(.ctors)
 *(EXCLUDE_FILE(*crtend.o *crtend?.o) .ctors)
 *(SORT(.ctors.*))
 *(.ctors)
 *crtbegin.o(.dtors)
 *crtbegin?.o(.dtors)
 *(EXCLUDE_FILE(*crtend.o *crtend?.o) .dtors)
 *(SORT(.dtors.*))
 *(.dtors)
 *(.rodata*)
 .rodata.str1.4
                0x000000000000243c       0x80 mbed/TARGET_LPC1768/TOOLCHAIN_GCC_ARM/board.o
 .rodata.PinMap_UART_RTS
                0x00000000000024bc       0x24 mbed/TARGET_LPC1768/TOOLCHAIN_GCC_ARM/libmbed.a(serial_api.o)
 .rodata.CSWTCH.24
                0x00000000000024e0       0x10 mbed/TARGET_LPC1768/TOOLCHAIN_GCC_ARM/libmbed.a(serial_api.o)
 .rodata.PinMap_UART_RX
                0x00000000000024f0       0x6c mbed/TARGET_LPC1768/TOOLCHAIN_GCC_ARM/libmbed.a(serial_api.o)
 .rodata.str1.4
                0x000000000000255c      0x1d0 mbed/TARGET_LPC1768/TOOLCHAIN_GCC_ARM/libmbed.a(serial_api.o)
                                        0x1e8 (size before relaxing)
 .rodata.PinMap_UART_TX
                0x000000000000272c       0x6c mbed/TARGET_LPC1768/TOOLCHAIN_GCC_ARM/libmbed.a(serial_api.o)
 .rodata.PinMap_UART_CTS
                0x0000000000002798       0x24 mbed/TARGET_LPC1768/TOOLCHAIN_GCC_ARM/libmbed.a(serial_api.o)
 .rodata.str1.4
                0x00000000000027bc       0x31 mbed/TARGET_LPC1768/TOOLCHAIN_GCC_ARM/libmbed.a(assert.o)
                                         0x34 (size before relaxing)
 .rodata.str1.4
                0x0000000000000000       0x80 mbed/TARGET_LPC1768/TOOLCHAIN_GCC_ARM/libmbed.a(gpio.o)
 *fill*         0x00000000000027ed        0x3 
 .rodata.str1.4
                0x00000000000027f0       0x48 mbed/TARGET_LPC1768/TOOLCHAIN_GCC_ARM/libmbed.a(pinmap_common.o)
 .rodata.str1.4
                0x0000000000002838       0x7a mbed/TARGET_LPC1768/TOOLCHAIN_GCC_ARM/libmbed.a(gpio_api.o)
                                         0x94 (size before relaxing)
 *fill*         0x00000000000028b2        0x2 
 .rodata.str1.4
                0x00000000000028b4       0x64 mbed/TARGET_LPC1768/TOOLCHAIN_GCC_ARM/libmbed.a(pinmap.o)
                                         0x78 (size before relaxing)
 .rodata.__sf_fake_stdin
                0x0000000000002918       0x20 /usr/local/Cellar/gcc-arm-none-eabi-49/20141203/bin/../lib/gcc/arm-none-eabi/4.9.3/../../../../arm-none-eabi/lib/armv7-m/libc_nano.a(lib_a-findfp.o)
                0x0000000000002918                __sf_fake_stdin
 .rodata.__sf_fake_stdout
                0x0000000000002938       0x20 /usr/local/Cellar/gcc-arm-none-eabi-49/20141203/bin/../lib/gcc/arm-none-eabi/4.9.3/../../../../arm-none-eabi/lib/armv7-m/libc_nano.a(lib_a-findfp.o)
                0x0000000000002938                __sf_fake_stdout
 .rodata.__sf_fake_stderr
                0x0000000000002958       0x20 /usr/local/Cellar/gcc-arm-none-eabi-49/20141203/bin/../lib/gcc/arm-none-eabi/4.9.3/../../../../arm-none-eabi/lib/armv7-m/libc_nano.a(lib_a-findfp.o)
                0x0000000000002958                __sf_fake_stderr
 .rodata.str1.1
                0x0000000000002978        0x2 /usr/local/Cellar/gcc-arm-none-eabi-49/20141203/bin/../lib/gcc/arm-none-eabi/4.9.3/../../../../arm-none-eabi/lib/armv7-m/libc_nano.a(lib_a-impure.o)
 *fill*         0x000000000000297a        0x2 
 .rodata._global_impure_ptr
                0x000000000000297c        0x4 /usr/local/Cellar/gcc-arm-none-eabi-49/20141203/bin/../lib/gcc/arm-none-eabi/4.9.3/../../../../arm-none-eabi/lib/armv7-m/libc_nano.a(lib_a-impure.o)
                0x000000000000297c                _global_impure_ptr
 .rodata.str1.1
                0x0000000000002980       0x11 /usr/local/Cellar/gcc-arm-none-eabi-49/20141203/bin/../lib/gcc/arm-none-eabi/4.9.3/../../../../arm-none-eabi/lib/armv7-m/libc_nano.a(lib_a-nano-vfprintf.o)
 .rodata.str1.1
                0x0000000000002991       0x22 /usr/local/Cellar/gcc-arm-none-eabi-49/20141203/bin/../lib/gcc/arm-none-eabi/4.9.3/../../../../arm-none-eabi/lib/armv7-m/libc_nano.a(lib_a-nano-vfprintf_i.o)
 *(.eh_frame*)
 *fill*         0x00000000000029b3        0x1 
 .eh_frame      0x00000000000029b4        0x0 /usr/local/Cellar/gcc-arm-none-eabi-49/20141203/bin/../lib/gcc/arm-none-eabi/4.9.3/armv7-m/crtbegin.o
 .eh_frame      0x00000000000029b4        0x0 /usr/local/Cellar/gcc-arm-none-eabi-49/20141203/bin/../lib/gcc/arm-none-eabi/4.9.3/../../../../arm-none-eabi/lib/armv7-m/libc_nano.a(lib_a-strcmp.o)
                                         0x28 (size before relaxing)
 .eh_frame      0x00000000000029b4        0x4 /usr/local/Cellar/gcc-arm-none-eabi-49/20141203/bin/../lib/gcc/arm-none-eabi/4.9.3/armv7-m/crtend.o

.glue_7         0x00000000000029b8        0x0
 .glue_7        0x0000000000000000        0x0 linker stubs

.glue_7t        0x00000000000029b8        0x0
 .glue_7t       0x0000000000000000        0x0 linker stubs

.vfp11_veneer   0x00000000000029b8        0x0
 .vfp11_veneer  0x0000000000000000        0x0 linker stubs

.v4_bx          0x00000000000029b8        0x0
 .v4_bx         0x0000000000000000        0x0 linker stubs

.iplt           0x00000000000029b8        0x0
 .iplt          0x0000000000000000        0x0 /usr/local/Cellar/gcc-arm-none-eabi-49/20141203/bin/../lib/gcc/arm-none-eabi/4.9.3/armv7-m/crtbegin.o

.ARM.extab
 *(.ARM.extab* .gnu.linkonce.armextab.*)
                0x00000000000029b8                __exidx_start = .

.ARM.exidx      0x00000000000029b8        0x8
 *(.ARM.exidx* .gnu.linkonce.armexidx.*)
 .ARM.exidx     0x00000000000029b8        0x8 /usr/local/Cellar/gcc-arm-none-eabi-49/20141203/bin/../lib/gcc/arm-none-eabi/4.9.3/../../../../arm-none-eabi/lib/armv7-m/crt0.o
                0x00000000000029c0                __exidx_end = .
                0x00000000000029c0                __etext = .

.rel.dyn        0x00000000000029c0        0x0
 .rel.iplt      0x0000000000000000        0x0 /usr/local/Cellar/gcc-arm-none-eabi-49/20141203/bin/../lib/gcc/arm-none-eabi/4.9.3/armv7-m/crtbegin.o

.data           0x00000000100000c8       0x78 load address 0x00000000000029c0
                0x00000000100000c8                __data_start__ = .
                0x00000000100000c8                Image$$RW_IRAM1$$Base = .
 *(vtable)
 *(.data*)
 .data._ZZ5_sbrkE4heap
                0x00000000100000c8        0x4 mbed/TARGET_LPC1768/TOOLCHAIN_GCC_ARM/retarget.o
 .data.SystemCoreClock
                0x00000000100000cc        0x4 mbed/TARGET_LPC1768/TOOLCHAIN_GCC_ARM/system_LPC17xx.o
                0x00000000100000cc                SystemCoreClock
 .data.impure_data
                0x00000000100000d0       0x60 /usr/local/Cellar/gcc-arm-none-eabi-49/20141203/bin/../lib/gcc/arm-none-eabi/4.9.3/../../../../arm-none-eabi/lib/armv7-m/libc_nano.a(lib_a-impure.o)
 .data._impure_ptr
                0x0000000010000130        0x4 /usr/local/Cellar/gcc-arm-none-eabi-49/20141203/bin/../lib/gcc/arm-none-eabi/4.9.3/../../../../arm-none-eabi/lib/armv7-m/libc_nano.a(lib_a-impure.o)
                0x0000000010000130                _impure_ptr
                0x0000000010000134                . = ALIGN (0x4)
                0x0000000010000134                PROVIDE (__preinit_array_start, .)
 *(.preinit_array)
                0x0000000010000134                PROVIDE (__preinit_array_end, .)
                0x0000000010000134                . = ALIGN (0x4)
                0x0000000010000134                PROVIDE (__init_array_start, .)
 *(SORT(.init_array.*))
 *(.init_array)
 .init_array    0x0000000010000134        0x4 /usr/local/Cellar/gcc-arm-none-eabi-49/20141203/bin/../lib/gcc/arm-none-eabi/4.9.3/armv7-m/crtbegin.o
 .init_array    0x0000000010000138        0x4 build/main.o
                0x000000001000013c                PROVIDE (__init_array_end, .)
                0x000000001000013c                . = ALIGN (0x4)
                0x000000001000013c                PROVIDE (__fini_array_start, .)
 *(SORT(.fini_array.*))
 *(.fini_array)
 .fini_array    0x000000001000013c        0x4 /usr/local/Cellar/gcc-arm-none-eabi-49/20141203/bin/../lib/gcc/arm-none-eabi/4.9.3/armv7-m/crtbegin.o
                0x0000000010000140                PROVIDE (__fini_array_end, .)
                0x0000000010000140                . = ALIGN (0x4)
                0x0000000010000140                __data_end__ = .

.jcr            0x0000000010000140        0x0 load address 0x0000000000002a38
 .jcr           0x0000000010000140        0x0 /usr/local/Cellar/gcc-arm-none-eabi-49/20141203/bin/../lib/gcc/arm-none-eabi/4.9.3/armv7-m/crtbegin.o

.igot.plt       0x0000000010000140        0x0 load address 0x0000000000002a38
 .igot.plt      0x0000000000000000        0x0 /usr/local/Cellar/gcc-arm-none-eabi-49/20141203/bin/../lib/gcc/arm-none-eabi/4.9.3/armv7-m/crtbegin.o

.bss            0x0000000010000140      0x23c load address 0x0000000000002a38
                0x0000000010000140                __bss_start__ = .
 *(.bss*)
 .bss           0x0000000010000140       0x1c /usr/local/Cellar/gcc-arm-none-eabi-49/20141203/bin/../lib/gcc/arm-none-eabi/4.9.3/armv7-m/crtbegin.o
 .bss.myled     0x000000001000015c       0x18 build/main.o
                0x000000001000015c                myled
 .bss._ZL11filehandles
                0x0000000010000174      0x100 mbed/TARGET_LPC1768/TOOLCHAIN_GCC_ARM/retarget.o
 .bss.stdio_uart_inited
                0x0000000010000274        0x4 mbed/TARGET_LPC1768/TOOLCHAIN_GCC_ARM/libmbed.a(serial_api.o)
                0x0000000010000274                stdio_uart_inited
 .bss.irq_handler
                0x0000000010000278        0x4 mbed/TARGET_LPC1768/TOOLCHAIN_GCC_ARM/libmbed.a(serial_api.o)
 .bss.uart_data
                0x000000001000027c       0xe0 mbed/TARGET_LPC1768/TOOLCHAIN_GCC_ARM/libmbed.a(serial_api.o)
 .bss.us_ticker_inited
                0x000000001000035c        0x4 mbed/TARGET_LPC1768/TOOLCHAIN_GCC_ARM/libmbed.a(us_ticker.o)
                0x000000001000035c                us_ticker_inited
 .bss.head      0x0000000010000360        0x4 mbed/TARGET_LPC1768/TOOLCHAIN_GCC_ARM/libmbed.a(us_ticker_api.o)
 .bss.event_handler
                0x0000000010000364        0x4 mbed/TARGET_LPC1768/TOOLCHAIN_GCC_ARM/libmbed.a(us_ticker_api.o)
 .bss.__malloc_sbrk_start
                0x0000000010000368        0x4 /usr/local/Cellar/gcc-arm-none-eabi-49/20141203/bin/../lib/gcc/arm-none-eabi/4.9.3/../../../../arm-none-eabi/lib/armv7-m/libc_nano.a(lib_a-nano-mallocr.o)
                0x0000000010000368                __malloc_sbrk_start
 .bss.__malloc_free_list
                0x000000001000036c        0x4 /usr/local/Cellar/gcc-arm-none-eabi-49/20141203/bin/../lib/gcc/arm-none-eabi/4.9.3/../../../../arm-none-eabi/lib/armv7-m/libc_nano.a(lib_a-nano-mallocr.o)
                0x000000001000036c                __malloc_free_list
 *(COMMON)
 COMMON         0x0000000010000370        0x8 mbed/TARGET_LPC1768/TOOLCHAIN_GCC_ARM/libmbed.a(serial_api.o)
                0x0000000010000370                stdio_uart
 COMMON         0x0000000010000378        0x4 /usr/local/Cellar/gcc-arm-none-eabi-49/20141203/bin/../lib/gcc/arm-none-eabi/4.9.3/../../../../arm-none-eabi/lib/armv7-m/libc_nano.a(lib_a-reent.o)
                0x0000000010000378                errno
                0x000000001000037c                __bss_end__ = .
                0x000000001000037c                Image$$RW_IRAM1$$ZI$$Limit = .

.heap           0x0000000010000380      0x800
                0x0000000010000380                __end__ = .
                0x0000000010000380                end = __end__
 *(.heap*)
 .heap          0x0000000010000380      0x800 mbed/TARGET_LPC1768/TOOLCHAIN_GCC_ARM/startup_LPC17xx.o
                0x0000000010000380                __HeapBase
                0x0000000010000b80                __HeapLimit = .

.stack_dummy    0x0000000010000380      0xc00
 *(.stack)
 .stack         0x0000000010000380      0xc00 mbed/TARGET_LPC1768/TOOLCHAIN_GCC_ARM/startup_LPC17xx.o
                0x0000000010008000                __StackTop = (ORIGIN (RAM) + 0x7f38)
                0x0000000010007400                __StackLimit = (__StackTop - SIZEOF (.stack_dummy))
                0x0000000010008000                PROVIDE (__stack, __StackTop)
                0x0000000000000001                ASSERT ((__StackLimit >= __HeapLimit), region RAM overflowed with stack)

.AHBSRAM0       0x000000002007c000        0x0
                0x000000002007c000                Image$$RW_IRAM2$$Base = .
 *(AHBSRAM0)
                0x000000002007c000                Image$$RW_IRAM2$$ZI$$Limit = .

.AHBSRAM1       0x0000000020080000        0x0
                0x0000000020080000                Image$$RW_IRAM3$$Base = .
 *(AHBSRAM1)
                0x0000000020080000                Image$$RW_IRAM3$$ZI$$Limit = .
OUTPUT(build/mbed.elf elf32-littlearm)

.ARM.attributes
                0x0000000000000000       0x29
 .ARM.attributes
                0x0000000000000000       0x1d /usr/local/Cellar/gcc-arm-none-eabi-49/20141203/bin/../lib/gcc/arm-none-eabi/4.9.3/armv7-m/crti.o
 .ARM.attributes
                0x000000000000001d       0x2d /usr/local/Cellar/gcc-arm-none-eabi-49/20141203/bin/../lib/gcc/arm-none-eabi/4.9.3/armv7-m/crtbegin.o
 .ARM.attributes
                0x000000000000004a       0x1b /usr/local/Cellar/gcc-arm-none-eabi-49/20141203/bin/../lib/gcc/arm-none-eabi/4.9.3/../../../../arm-none-eabi/lib/armv7-m/crt0.o
 .ARM.attributes
                0x0000000000000065       0x33 build/main.o
 .ARM.attributes
                0x0000000000000098       0x33 mbed/TARGET_LPC1768/TOOLCHAIN_GCC_ARM/cmsis_nvic.o
 .ARM.attributes
                0x00000000000000cb       0x1b mbed/TARGET_LPC1768/TOOLCHAIN_GCC_ARM/startup_LPC17xx.o
 .ARM.attributes
                0x00000000000000e6       0x33 mbed/TARGET_LPC1768/TOOLCHAIN_GCC_ARM/retarget.o
 .ARM.attributes
                0x0000000000000119       0x33 mbed/TARGET_LPC1768/TOOLCHAIN_GCC_ARM/system_LPC17xx.o
 .ARM.attributes
                0x000000000000014c       0x33 mbed/TARGET_LPC1768/TOOLCHAIN_GCC_ARM/board.o
 .ARM.attributes
                0x000000000000017f       0x33 mbed/TARGET_LPC1768/TOOLCHAIN_GCC_ARM/libmbed.a(serial_api.o)
 .ARM.attributes
                0x00000000000001b2       0x33 mbed/TARGET_LPC1768/TOOLCHAIN_GCC_ARM/libmbed.a(assert.o)
 .ARM.attributes
                0x00000000000001e5       0x33 mbed/TARGET_LPC1768/TOOLCHAIN_GCC_ARM/libmbed.a(error.o)
 .ARM.attributes
                0x0000000000000218       0x33 mbed/TARGET_LPC1768/TOOLCHAIN_GCC_ARM/libmbed.a(gpio.o)
 .ARM.attributes
                0x000000000000024b       0x33 mbed/TARGET_LPC1768/TOOLCHAIN_GCC_ARM/libmbed.a(pinmap_common.o)
 .ARM.attributes
                0x000000000000027e       0x33 mbed/TARGET_LPC1768/TOOLCHAIN_GCC_ARM/libmbed.a(wait_api.o)
 .ARM.attributes
                0x00000000000002b1       0x33 mbed/TARGET_LPC1768/TOOLCHAIN_GCC_ARM/libmbed.a(gpio_api.o)
 .ARM.attributes
                0x00000000000002e4       0x33 mbed/TARGET_LPC1768/TOOLCHAIN_GCC_ARM/libmbed.a(pinmap.o)
 .ARM.attributes
                0x0000000000000317       0x33 mbed/TARGET_LPC1768/TOOLCHAIN_GCC_ARM/libmbed.a(us_ticker.o)
 .ARM.attributes
                0x000000000000034a       0x33 mbed/TARGET_LPC1768/TOOLCHAIN_GCC_ARM/libmbed.a(us_ticker_api.o)
 .ARM.attributes
                0x000000000000037d       0x1d /usr/local/Cellar/gcc-arm-none-eabi-49/20141203/bin/../lib/gcc/arm-none-eabi/4.9.3/armv7-m/libgcc.a(_arm_muldivsf3.o)
 .ARM.attributes
                0x000000000000039a       0x1d /usr/local/Cellar/gcc-arm-none-eabi-49/20141203/bin/../lib/gcc/arm-none-eabi/4.9.3/armv7-m/libgcc.a(_arm_fixsfsi.o)
 .ARM.attributes
                0x00000000000003b7       0x2d /usr/local/Cellar/gcc-arm-none-eabi-49/20141203/bin/../lib/gcc/arm-none-eabi/4.9.3/../../../../arm-none-eabi/lib/armv7-m/libc_nano.a(lib_a-abs.o)
 .ARM.attributes
                0x00000000000003e4       0x2d /usr/local/Cellar/gcc-arm-none-eabi-49/20141203/bin/../lib/gcc/arm-none-eabi/4.9.3/../../../../arm-none-eabi/lib/armv7-m/libc_nano.a(lib_a-errno.o)
 .ARM.attributes
                0x0000000000000411       0x2d /usr/local/Cellar/gcc-arm-none-eabi-49/20141203/bin/../lib/gcc/arm-none-eabi/4.9.3/../../../../arm-none-eabi/lib/armv7-m/libc_nano.a(lib_a-exit.o)
 .ARM.attributes
                0x000000000000043e       0x2d /usr/local/Cellar/gcc-arm-none-eabi-49/20141203/bin/../lib/gcc/arm-none-eabi/4.9.3/../../../../arm-none-eabi/lib/armv7-m/libc_nano.a(lib_a-findfp.o)
 .ARM.attributes
                0x000000000000046b       0x2d /usr/local/Cellar/gcc-arm-none-eabi-49/20141203/bin/../lib/gcc/arm-none-eabi/4.9.3/../../../../arm-none-eabi/lib/armv7-m/libc_nano.a(lib_a-fprintf.o)
 .ARM.attributes
                0x0000000000000498       0x2d /usr/local/Cellar/gcc-arm-none-eabi-49/20141203/bin/../lib/gcc/arm-none-eabi/4.9.3/../../../../arm-none-eabi/lib/armv7-m/libc_nano.a(lib_a-fwalk.o)
 .ARM.attributes
                0x00000000000004c5       0x2d /usr/local/Cellar/gcc-arm-none-eabi-49/20141203/bin/../lib/gcc/arm-none-eabi/4.9.3/../../../../arm-none-eabi/lib/armv7-m/libc_nano.a(lib_a-impure.o)
 .ARM.attributes
                0x00000000000004f2       0x2d /usr/local/Cellar/gcc-arm-none-eabi-49/20141203/bin/../lib/gcc/arm-none-eabi/4.9.3/../../../../arm-none-eabi/lib/armv7-m/libc_nano.a(lib_a-init.o)
 .ARM.attributes
                0x000000000000051f       0x2d /usr/local/Cellar/gcc-arm-none-eabi-49/20141203/bin/../lib/gcc/arm-none-eabi/4.9.3/../../../../arm-none-eabi/lib/armv7-m/libc_nano.a(lib_a-memchr.o)
 .ARM.attributes
                0x000000000000054c       0x2d /usr/local/Cellar/gcc-arm-none-eabi-49/20141203/bin/../lib/gcc/arm-none-eabi/4.9.3/../../../../arm-none-eabi/lib/armv7-m/libc_nano.a(lib_a-memcpy.o)
 .ARM.attributes
                0x0000000000000579       0x2d /usr/local/Cellar/gcc-arm-none-eabi-49/20141203/bin/../lib/gcc/arm-none-eabi/4.9.3/../../../../arm-none-eabi/lib/armv7-m/libc_nano.a(lib_a-memset.o)
 .ARM.attributes
                0x00000000000005a6       0x2d /usr/local/Cellar/gcc-arm-none-eabi-49/20141203/bin/../lib/gcc/arm-none-eabi/4.9.3/../../../../arm-none-eabi/lib/armv7-m/libc_nano.a(lib_a-nano-freer.o)
 .ARM.attributes
                0x00000000000005d3       0x2d /usr/local/Cellar/gcc-arm-none-eabi-49/20141203/bin/../lib/gcc/arm-none-eabi/4.9.3/../../../../arm-none-eabi/lib/armv7-m/libc_nano.a(lib_a-nano-mallocr.o)
 .ARM.attributes
                0x0000000000000600       0x2d /usr/local/Cellar/gcc-arm-none-eabi-49/20141203/bin/../lib/gcc/arm-none-eabi/4.9.3/../../../../arm-none-eabi/lib/armv7-m/libc_nano.a(lib_a-nano-vfprintf.o)
 .ARM.attributes
                0x000000000000062d       0x2d /usr/local/Cellar/gcc-arm-none-eabi-49/20141203/bin/../lib/gcc/arm-none-eabi/4.9.3/../../../../arm-none-eabi/lib/armv7-m/libc_nano.a(lib_a-nano-vfprintf_i.o)
 .ARM.attributes
                0x000000000000065a       0x2d /usr/local/Cellar/gcc-arm-none-eabi-49/20141203/bin/../lib/gcc/arm-none-eabi/4.9.3/../../../../arm-none-eabi/lib/armv7-m/libc_nano.a(lib_a-reent.o)
 .ARM.attributes
                0x0000000000000687       0x2d /usr/local/Cellar/gcc-arm-none-eabi-49/20141203/bin/../lib/gcc/arm-none-eabi/4.9.3/../../../../arm-none-eabi/lib/armv7-m/libc_nano.a(lib_a-sbrkr.o)
 .ARM.attributes
                0x00000000000006b4       0x2d /usr/local/Cellar/gcc-arm-none-eabi-49/20141203/bin/../lib/gcc/arm-none-eabi/4.9.3/../../../../arm-none-eabi/lib/armv7-m/libc_nano.a(lib_a-stdio.o)
 .ARM.attributes
                0x00000000000006e1       0x1b /usr/local/Cellar/gcc-arm-none-eabi-49/20141203/bin/../lib/gcc/arm-none-eabi/4.9.3/../../../../arm-none-eabi/lib/armv7-m/libc_nano.a(lib_a-strcmp.o)
 .ARM.attributes
                0x00000000000006fc       0x2d /usr/local/Cellar/gcc-arm-none-eabi-49/20141203/bin/../lib/gcc/arm-none-eabi/4.9.3/../../../../arm-none-eabi/lib/armv7-m/libc_nano.a(lib_a-wbuf.o)
 .ARM.attributes
                0x0000000000000729       0x2d /usr/local/Cellar/gcc-arm-none-eabi-49/20141203/bin/../lib/gcc/arm-none-eabi/4.9.3/../../../../arm-none-eabi/lib/armv7-m/libc_nano.a(lib_a-writer.o)
 .ARM.attributes
                0x0000000000000756       0x2d /usr/local/Cellar/gcc-arm-none-eabi-49/20141203/bin/../lib/gcc/arm-none-eabi/4.9.3/../../../../arm-none-eabi/lib/armv7-m/libc_nano.a(lib_a-wsetup.o)
 .ARM.attributes
                0x0000000000000783       0x2d /usr/local/Cellar/gcc-arm-none-eabi-49/20141203/bin/../lib/gcc/arm-none-eabi/4.9.3/../../../../arm-none-eabi/lib/armv7-m/libc_nano.a(lib_a-closer.o)
 .ARM.attributes
                0x00000000000007b0       0x2d /usr/local/Cellar/gcc-arm-none-eabi-49/20141203/bin/../lib/gcc/arm-none-eabi/4.9.3/../../../../arm-none-eabi/lib/armv7-m/libc_nano.a(lib_a-fflush.o)
 .ARM.attributes
                0x00000000000007dd       0x2d /usr/local/Cellar/gcc-arm-none-eabi-49/20141203/bin/../lib/gcc/arm-none-eabi/4.9.3/../../../../arm-none-eabi/lib/armv7-m/libc_nano.a(lib_a-lseekr.o)
 .ARM.attributes
                0x000000000000080a       0x2d /usr/local/Cellar/gcc-arm-none-eabi-49/20141203/bin/../lib/gcc/arm-none-eabi/4.9.3/../../../../arm-none-eabi/lib/armv7-m/libc_nano.a(lib_a-makebuf.o)
 .ARM.attributes
                0x0000000000000837       0x2d /usr/local/Cellar/gcc-arm-none-eabi-49/20141203/bin/../lib/gcc/arm-none-eabi/4.9.3/../../../../arm-none-eabi/lib/armv7-m/libc_nano.a(lib_a-readr.o)
 .ARM.attributes
                0x0000000000000864       0x2d /usr/local/Cellar/gcc-arm-none-eabi-49/20141203/bin/../lib/gcc/arm-none-eabi/4.9.3/../../../../arm-none-eabi/lib/armv7-m/libc_nano.a(lib_a-fstatr.o)
 .ARM.attributes
                0x0000000000000891       0x2d /usr/local/Cellar/gcc-arm-none-eabi-49/20141203/bin/../lib/gcc/arm-none-eabi/4.9.3/../../../../arm-none-eabi/lib/armv7-m/libc_nano.a(lib_a-isattyr.o)
 .ARM.attributes
                0x00000000000008be       0x2d /usr/local/Cellar/gcc-arm-none-eabi-49/20141203/bin/../lib/gcc/arm-none-eabi/4.9.3/../../../../arm-none-eabi/lib/armv7-m/libnosys.a(_exit.o)
 .ARM.attributes
                0x00000000000008eb       0x2d /usr/local/Cellar/gcc-arm-none-eabi-49/20141203/bin/../lib/gcc/arm-none-eabi/4.9.3/armv7-m/crtend.o
 .ARM.attributes
                0x0000000000000918       0x1d /usr/local/Cellar/gcc-arm-none-eabi-49/20141203/bin/../lib/gcc/arm-none-eabi/4.9.3/armv7-m/crtn.o

.comment        0x0000000000000000       0xe0
 .comment       0x0000000000000000       0x70 build/main.o
                                         0x71 (size before relaxing)
 .comment       0x0000000000000070       0x70 mbed/TARGET_LPC1768/TOOLCHAIN_GCC_ARM/cmsis_nvic.o
                                         0x71 (size before relaxing)
 .comment       0x0000000000000000       0x71 mbed/TARGET_LPC1768/TOOLCHAIN_GCC_ARM/retarget.o
 .comment       0x0000000000000000       0x71 mbed/TARGET_LPC1768/TOOLCHAIN_GCC_ARM/system_LPC17xx.o
 .comment       0x0000000000000000       0x71 mbed/TARGET_LPC1768/TOOLCHAIN_GCC_ARM/board.o
 .comment       0x0000000000000000       0x71 mbed/TARGET_LPC1768/TOOLCHAIN_GCC_ARM/libmbed.a(serial_api.o)
 .comment       0x0000000000000000       0x71 mbed/TARGET_LPC1768/TOOLCHAIN_GCC_ARM/libmbed.a(assert.o)
 .comment       0x0000000000000000       0x71 mbed/TARGET_LPC1768/TOOLCHAIN_GCC_ARM/libmbed.a(error.o)
 .comment       0x0000000000000000       0x71 mbed/TARGET_LPC1768/TOOLCHAIN_GCC_ARM/libmbed.a(gpio.o)
 .comment       0x0000000000000000       0x71 mbed/TARGET_LPC1768/TOOLCHAIN_GCC_ARM/libmbed.a(pinmap_common.o)
 .comment       0x0000000000000000       0x71 mbed/TARGET_LPC1768/TOOLCHAIN_GCC_ARM/libmbed.a(wait_api.o)
 .comment       0x0000000000000000       0x71 mbed/TARGET_LPC1768/TOOLCHAIN_GCC_ARM/libmbed.a(gpio_api.o)
 .comment       0x0000000000000000       0x71 mbed/TARGET_LPC1768/TOOLCHAIN_GCC_ARM/libmbed.a(pinmap.o)
 .comment       0x0000000000000000       0x71 mbed/TARGET_LPC1768/TOOLCHAIN_GCC_ARM/libmbed.a(us_ticker.o)
 .comment       0x0000000000000000       0x71 mbed/TARGET_LPC1768/TOOLCHAIN_GCC_ARM/libmbed.a(us_ticker_api.o)

.debug_info     0x0000000000000000     0x227f
 .debug_info    0x0000000000000000     0x227f build/main.o

.debug_abbrev   0x0000000000000000      0x411
 .debug_abbrev  0x0000000000000000      0x411 build/main.o

.debug_aranges  0x0000000000000000       0x28
 .debug_aranges
                0x0000000000000000       0x28 build/main.o

.debug_ranges   0x0000000000000000       0x60
 .debug_ranges  0x0000000000000000       0x60 build/main.o

.debug_line     0x0000000000000000      0x3e2
 .debug_line    0x0000000000000000      0x3e2 build/main.o

.debug_str      0x0000000000000000      0xdbf
 .debug_str     0x0000000000000000      0xdbf build/main.o
                                        0xeb7 (size before relaxing)

.debug_frame    0x0000000000000000      0x7c0
 .debug_frame   0x0000000000000000       0x44 build/main.o
 .debug_frame   0x0000000000000044       0x20 /usr/local/Cellar/gcc-arm-none-eabi-49/20141203/bin/../lib/gcc/arm-none-eabi/4.9.3/../../../../arm-none-eabi/lib/armv7-m/libc_nano.a(lib_a-abs.o)
 .debug_frame   0x0000000000000064       0x20 /usr/local/Cellar/gcc-arm-none-eabi-49/20141203/bin/../lib/gcc/arm-none-eabi/4.9.3/../../../../arm-none-eabi/lib/armv7-m/libc_nano.a(lib_a-errno.o)
 .debug_frame   0x0000000000000084       0x28 /usr/local/Cellar/gcc-arm-none-eabi-49/20141203/bin/../lib/gcc/arm-none-eabi/4.9.3/../../../../arm-none-eabi/lib/armv7-m/libc_nano.a(lib_a-exit.o)
 .debug_frame   0x00000000000000ac      0x11c /usr/local/Cellar/gcc-arm-none-eabi-49/20141203/bin/../lib/gcc/arm-none-eabi/4.9.3/../../../../arm-none-eabi/lib/armv7-m/libc_nano.a(lib_a-findfp.o)
 .debug_frame   0x00000000000001c8       0x64 /usr/local/Cellar/gcc-arm-none-eabi-49/20141203/bin/../lib/gcc/arm-none-eabi/4.9.3/../../../../arm-none-eabi/lib/armv7-m/libc_nano.a(lib_a-fprintf.o)
 .debug_frame   0x000000000000022c       0x54 /usr/local/Cellar/gcc-arm-none-eabi-49/20141203/bin/../lib/gcc/arm-none-eabi/4.9.3/../../../../arm-none-eabi/lib/armv7-m/libc_nano.a(lib_a-fwalk.o)
 .debug_frame   0x0000000000000280       0x2c /usr/local/Cellar/gcc-arm-none-eabi-49/20141203/bin/../lib/gcc/arm-none-eabi/4.9.3/../../../../arm-none-eabi/lib/armv7-m/libc_nano.a(lib_a-init.o)
 .debug_frame   0x00000000000002ac       0x28 /usr/local/Cellar/gcc-arm-none-eabi-49/20141203/bin/../lib/gcc/arm-none-eabi/4.9.3/../../../../arm-none-eabi/lib/armv7-m/libc_nano.a(lib_a-memchr.o)
 .debug_frame   0x00000000000002d4       0x28 /usr/local/Cellar/gcc-arm-none-eabi-49/20141203/bin/../lib/gcc/arm-none-eabi/4.9.3/../../../../arm-none-eabi/lib/armv7-m/libc_nano.a(lib_a-memcpy.o)
 .debug_frame   0x00000000000002fc       0x20 /usr/local/Cellar/gcc-arm-none-eabi-49/20141203/bin/../lib/gcc/arm-none-eabi/4.9.3/../../../../arm-none-eabi/lib/armv7-m/libc_nano.a(lib_a-memset.o)
 .debug_frame   0x000000000000031c       0x2c /usr/local/Cellar/gcc-arm-none-eabi-49/20141203/bin/../lib/gcc/arm-none-eabi/4.9.3/../../../../arm-none-eabi/lib/armv7-m/libc_nano.a(lib_a-nano-freer.o)
 .debug_frame   0x0000000000000348       0x2c /usr/local/Cellar/gcc-arm-none-eabi-49/20141203/bin/../lib/gcc/arm-none-eabi/4.9.3/../../../../arm-none-eabi/lib/armv7-m/libc_nano.a(lib_a-nano-mallocr.o)
 .debug_frame   0x0000000000000374       0xb8 /usr/local/Cellar/gcc-arm-none-eabi-49/20141203/bin/../lib/gcc/arm-none-eabi/4.9.3/../../../../arm-none-eabi/lib/armv7-m/libc_nano.a(lib_a-nano-vfprintf.o)
 .debug_frame   0x000000000000042c       0x58 /usr/local/Cellar/gcc-arm-none-eabi-49/20141203/bin/../lib/gcc/arm-none-eabi/4.9.3/../../../../arm-none-eabi/lib/armv7-m/libc_nano.a(lib_a-nano-vfprintf_i.o)
 .debug_frame   0x0000000000000484       0x5c /usr/local/Cellar/gcc-arm-none-eabi-49/20141203/bin/../lib/gcc/arm-none-eabi/4.9.3/../../../../arm-none-eabi/lib/armv7-m/libc_nano.a(lib_a-reent.o)
 .debug_frame   0x00000000000004e0       0x2c /usr/local/Cellar/gcc-arm-none-eabi-49/20141203/bin/../lib/gcc/arm-none-eabi/4.9.3/../../../../arm-none-eabi/lib/armv7-m/libc_nano.a(lib_a-sbrkr.o)
 .debug_frame   0x000000000000050c       0x88 /usr/local/Cellar/gcc-arm-none-eabi-49/20141203/bin/../lib/gcc/arm-none-eabi/4.9.3/../../../../arm-none-eabi/lib/armv7-m/libc_nano.a(lib_a-stdio.o)
 .debug_frame   0x0000000000000594       0x3c /usr/local/Cellar/gcc-arm-none-eabi-49/20141203/bin/../lib/gcc/arm-none-eabi/4.9.3/../../../../arm-none-eabi/lib/armv7-m/libc_nano.a(lib_a-wbuf.o)
 .debug_frame   0x00000000000005d0       0x2c /usr/local/Cellar/gcc-arm-none-eabi-49/20141203/bin/../lib/gcc/arm-none-eabi/4.9.3/../../../../arm-none-eabi/lib/armv7-m/libc_nano.a(lib_a-writer.o)
 .debug_frame   0x00000000000005fc       0x2c /usr/local/Cellar/gcc-arm-none-eabi-49/20141203/bin/../lib/gcc/arm-none-eabi/4.9.3/../../../../arm-none-eabi/lib/armv7-m/libc_nano.a(lib_a-wsetup.o)
 .debug_frame   0x0000000000000628       0x2c /usr/local/Cellar/gcc-arm-none-eabi-49/20141203/bin/../lib/gcc/arm-none-eabi/4.9.3/../../../../arm-none-eabi/lib/armv7-m/libc_nano.a(lib_a-closer.o)
 .debug_frame   0x0000000000000654       0x68 /usr/local/Cellar/gcc-arm-none-eabi-49/20141203/bin/../lib/gcc/arm-none-eabi/4.9.3/../../../../arm-none-eabi/lib/armv7-m/libc_nano.a(lib_a-fflush.o)
 .debug_frame   0x00000000000006bc       0x2c /usr/local/Cellar/gcc-arm-none-eabi-49/20141203/bin/../lib/gcc/arm-none-eabi/4.9.3/../../../../arm-none-eabi/lib/armv7-m/libc_nano.a(lib_a-lseekr.o)
 .debug_frame   0x00000000000006e8       0x34 /usr/local/Cellar/gcc-arm-none-eabi-49/20141203/bin/../lib/gcc/arm-none-eabi/4.9.3/../../../../arm-none-eabi/lib/armv7-m/libc_nano.a(lib_a-makebuf.o)
 .debug_frame   0x000000000000071c       0x2c /usr/local/Cellar/gcc-arm-none-eabi-49/20141203/bin/../lib/gcc/arm-none-eabi/4.9.3/../../../../arm-none-eabi/lib/armv7-m/libc_nano.a(lib_a-readr.o)
 .debug_frame   0x0000000000000748       0x2c /usr/local/Cellar/gcc-arm-none-eabi-49/20141203/bin/../lib/gcc/arm-none-eabi/4.9.3/../../../../arm-none-eabi/lib/armv7-m/libc_nano.a(lib_a-fstatr.o)
 .debug_frame   0x0000000000000774       0x2c /usr/local/Cellar/gcc-arm-none-eabi-49/20141203/bin/../lib/gcc/arm-none-eabi/4.9.3/../../../../arm-none-eabi/lib/armv7-m/libc_nano.a(lib_a-isattyr.o)
 .debug_frame   0x00000000000007a0       0x20 /usr/local/Cellar/gcc-arm-none-eabi-49/20141203/bin/../lib/gcc/arm-none-eabi/4.9.3/../../../../arm-none-eabi/lib/armv7-m/libnosys.a(_exit.o)

.stabstr        0x0000000000000000       0x76
 .stabstr       0x0000000000000000       0x76 /usr/local/Cellar/gcc-arm-none-eabi-49/20141203/bin/../lib/gcc/arm-none-eabi/4.9.3/../../../../arm-none-eabi/lib/armv7-m/libnosys.a(getpid.o)
